[NX v20.8.1 Daemon Server] - 2026-06-04T14:23:37.889Z - Started listening on: /private/var/folders/51/qcgkwz4j5cd5hp8rdv7pcyjc0000gq/T/49064634e02242df17a1/d.sock
[NX v20.8.1 Daemon Server] - 2026-06-04T14:23:37.890Z - [WATCHER]: Subscribed to changes within: /Users/glauro.juliani/Documents/personal/trying-cli (native)
[NX v20.8.1 Daemon Server] - 2026-06-04T14:23:37.893Z - Established a connection. Number of open connections: 1
[NX v20.8.1 Daemon Server] - 2026-06-04T14:23:37.893Z - Established a connection. Number of open connections: 2
[NX v20.8.1 Daemon Server] - 2026-06-04T14:23:37.894Z - Closed a connection. Number of open connections: 1
[NX v20.8.1 Daemon Server] - 2026-06-04T14:23:37.894Z - [REQUEST]: Responding to the client. Shutdown initiated
[NX v20.8.1 Daemon Server] - 2026-06-04T14:23:37.894Z - Done responding to the client Shutdown initiated
[NX v20.8.1 Daemon Server] - 2026-06-04T14:23:37.894Z - Handled FORCE_SHUTDOWN. Handling time: 0. Response time: 0.
[NX v20.8.1 Daemon Server] - 2026-06-04T14:23:37.896Z - [WATCHER]: Stopping the watcher for /Users/glauro.juliani/Documents/personal/trying-cli (sources)
[NX v20.8.1 Daemon Server] - 2026-06-04T14:23:37.896Z - Closed a connection. Number of open connections: 0
[NX v20.8.1 Daemon Server] - 2026-06-04T14:23:37.896Z - [WATCHER]: Stopping the watcher for /Users/glauro.juliani/Documents/personal/trying-cli (outputs)
[NX v20.8.1 Daemon Server] - 2026-06-04T14:23:37.896Z - Server stopped because: "Request to shutdown"
[NX v20.8.1 Daemon Server] - 2026-06-04T14:48:05.201Z - Started listening on: /private/var/folders/51/qcgkwz4j5cd5hp8rdv7pcyjc0000gq/T/49064634e02242df17a1/d.sock
[NX v20.8.1 Daemon Server] - 2026-06-04T14:48:05.215Z - [WATCHER]: Subscribed to changes within: /Users/glauro.juliani/Documents/personal/trying-cli (native)
[NX v20.8.1 Daemon Server] - 2026-06-04T14:48:05.218Z - Established a connection. Number of open connections: 1
[NX v20.8.1 Daemon Server] - 2026-06-04T14:48:05.221Z - Established a connection. Number of open connections: 2
[NX v20.8.1 Daemon Server] - 2026-06-04T14:48:05.222Z - Closed a connection. Number of open connections: 1
[NX v20.8.1 Daemon Server] - 2026-06-04T14:48:05.225Z - [REQUEST]: Responding to the client. Shutdown initiated
[NX v20.8.1 Daemon Server] - 2026-06-04T14:48:05.225Z - Done responding to the client Shutdown initiated
[NX v20.8.1 Daemon Server] - 2026-06-04T14:48:05.225Z - Handled FORCE_SHUTDOWN. Handling time: 1. Response time: 0.
[NX v20.8.1 Daemon Server] - 2026-06-04T14:48:05.229Z - Closed a connection. Number of open connections: 0
[NX v20.8.1 Daemon Server] - 2026-06-04T14:48:05.230Z - [WATCHER]: Stopping the watcher for /Users/glauro.juliani/Documents/personal/trying-cli (sources)
[NX v20.8.1 Daemon Server] - 2026-06-04T14:48:05.231Z - [WATCHER]: Stopping the watcher for /Users/glauro.juliani/Documents/personal/trying-cli (outputs)
[NX v20.8.1 Daemon Server] - 2026-06-04T14:48:05.231Z - Server stopped because: "Request to shutdown"
node:events:497
      throw er; // Unhandled 'error' event
      ^

Error: listen EPERM: operation not permitted /private/var/folders/51/qcgkwz4j5cd5hp8rdv7pcyjc0000gq/T/49064634e02242df17a1/d.sock
    at Server.setupListenHandle [as _listen2] (node:net:1918:21)
    at listenInCluster (node:net:1997:12)
    at Server.listen (node:net:2119:5)
    at /Users/glauro.juliani/Documents/personal/trying-cli/node_modules/.pnpm/nx@20.8.1_@swc-node+register@1.9.2_@swc+core@1.5.29_@swc+types@0.1.26_typescript@5.8.2__@swc+core@1.5.29/node_modules/nx/src/daemon/server/server.js:368:20
    at new Promise (<anonymous>)
    at startServer (/Users/glauro.juliani/Documents/personal/trying-cli/node_modules/.pnpm/nx@20.8.1_@swc-node+register@1.9.2_@swc+core@1.5.29_@swc+types@0.1.26_typescript@5.8.2__@swc+core@1.5.29/node_modules/nx/src/daemon/server/server.js:366:12)
    at async /Users/glauro.juliani/Documents/personal/trying-cli/node_modules/.pnpm/nx@20.8.1_@swc-node+register@1.9.2_@swc+core@1.5.29_@swc+types@0.1.26_typescript@5.8.2__@swc+core@1.5.29/node_modules/nx/src/daemon/server/start.js:8:9
Emitted 'error' event on Server instance at:
    at emitErrorNT (node:net:1976:8)
    at process.processTicksAndRejections (node:internal/process/task_queues:90:21) {
  code: 'EPERM',
  errno: -1,
  syscall: 'listen',
  address: '/private/var/folders/51/qcgkwz4j5cd5hp8rdv7pcyjc0000gq/T/49064634e02242df17a1/d.sock',
  port: -1
}

Node.js v22.21.1
